// Jest Snapshot v1, https://goo.gl/fbAQLP

exports[`matches the snapshot 1`] = `
<span
  aria-hidden="false"
  aria-label="orangy"
  className="emoji"
  role="img"
>
  ðŸ¦§
</span>
`;
